/usr/local/lib/python3.9/site-packages/mmengine/optim/optimizer/zero_optimizer.py:11: DeprecationWarning: `TorchScript` support for functional optimizers is deprecated and will be removed in a future PyTorch release. Consider using the `torch.compile` optimizer instead.
  from torch.distributed.optim import \
[2026-05-19 21:40:31,350] [INFO] [real_accelerator.py:191:get_accelerator] Setting ds_accelerator to cuda (auto detect)
/usr/local/lib/python3.9/site-packages/deepspeed/runtime/zero/linear.py:49: FutureWarning: `torch.cuda.amp.custom_fwd(args...)` is deprecated. Please use `torch.amp.custom_fwd(args..., device_type='cuda')` instead.
  def forward(ctx, input, weight, bias=None):
/usr/local/lib/python3.9/site-packages/deepspeed/runtime/zero/linear.py:67: FutureWarning: `torch.cuda.amp.custom_bwd(args...)` is deprecated. Please use `torch.amp.custom_bwd(args..., device_type='cuda')` instead.
  def backward(ctx, grad_output):
[2026/05/19 21:40:32] hftrainer INFO: Config: configs/hymotion_m2m/hymotion_m2m_completion_151dim_uncond_fm_046b_with_filter.py
[2026/05/19 21:40:32] hftrainer INFO: Work dir: work_dirs/hymotion_m2m_151dim_test_refetch_v6
Detected kernel version 5.4.119, which is below the recommended minimum of 5.5.0; this can cause the process to hang. It is recommended to upgrade the kernel to the minimum version or higher.
[2026/05/19 21:40:32] hftrainer INFO: Config saved to: work_dirs/hymotion_m2m_151dim_test_refetch_v6/20260519_214032/config.py
[2026/05/19 21:40:32] hftrainer INFO: Work dir: work_dirs/hymotion_m2m_151dim_test_refetch_v6
[2026/05/19 21:40:32] hftrainer INFO: Run dir (logs/tb): work_dirs/hymotion_m2m_151dim_test_refetch_v6/20260519_214032
[2026/05/19 21:40:32] hftrainer INFO: Environment info:
Platform: Linux-5.4.119-19.0009.56-x86_64-with-glibc2.28
Python: 3.9.16 (main, Sep 22 2023, 12:15:56) 
[GCC 8.5.0 20210514 (TencentOS 8.5.0-18)]
PyTorch: 2.5.0+cu118
CUDA available: True
CUDA version: 11.8
GPU count: 1
  GPU 0: Tesla T4
accelerate: 1.10.1
transformers: 4.57.3
diffusers: 0.36.0
peft: 0.17.1
mmengine: 0.10.7
safetensors: 0.7.0
[2026/05/19 21:40:37] hftrainer INFO: 
Model Summary:
  Module              Total Params  Trainable Params  Trainable  Save Ckpt
  ------------------  ------------  ----------------  ---------  ---------
  motion_transformer   461,203,095       461,203,095  True       True     
  m2m_loss                       0                 0  False      False    
  kimodo_aux_loss                0                 0  False      False    
  <bundle-orphan>            4,864             4,864  True       True     
  ------------------  ------------  ----------------  ---------  ---------
  TOTAL                461,207,959       461,207,959
  Trainable ratio: 100.00%
  Bundle orphan tensors:
  <bundle-orphan> null_vtxt_feat           param shape=(1, 1, 768) norm=0.2640 requires_grad=True
  <bundle-orphan> null_ctxt_input          param shape=(1, 1, 4096) norm=0.6334 requires_grad=True
  <bundle-orphan> mean                     buffer shape=(151,) norm=6.4277
  <bundle-orphan> std                      buffer shape=(151,) norm=2.8737

[2026/05/19 21:40:37] hftrainer INFO: Building trainer...
[2026/05/19 21:40:37] hftrainer INFO: Building dataloaders...
Loading data_list:   0%|          | 0/407552 [00:00<?, ?it/s]Loading data_list:  24%|██▍       | 97399/407552 [00:00<00:00, 973928.23it/s]Loading data_list:  56%|█████▌    | 226300/407552 [00:00<00:00, 1159232.12it/s]Loading data_list:  84%|████████▍ | 342325/407552 [00:00<00:00, 1159673.41it/s]Loading data_list: 100%|██████████| 407552/407552 [00:00<00:00, 1177508.26it/s]
Loaded 407552 samples from data/annotation/train_hymotion_400h_hq_20260403.json
[2026/05/19 21:40:41] hftrainer INFO: Building optimizers...
[2026/05/19 21:40:41] hftrainer INFO: Starting accelerator.prepare()...
[2026/05/19 21:40:58] hftrainer WARNING: Skipped 3 shape-mismatched params in module 'motion_transformer': ['input_encoder.weight: ckpt (1024, 201) vs model (1024, 604)', 'final_layer.linear.weight: ckpt (201, 1024) vs model (151, 1024)', 'final_layer.linear.bias: ckpt (201,) vs model (151,)']
[2026/05/19 21:40:59] hftrainer WARNING: Missing keys in module 'motion_transformer': ['input_encoder.weight', 'final_layer.linear.weight', 'final_layer.linear.bias']...
[2026/05/19 21:40:59] hftrainer INFO: ============================================================
[2026/05/19 21:40:59] hftrainer INFO: Loaded model weights from: checkpoints/HY-Motion-1.0/HY-Motion-1.0-Lite/latest.ckpt
[2026/05/19 21:40:59] hftrainer INFO: Optimizer and training state reset to initial.
[2026/05/19 21:40:59] hftrainer INFO: ============================================================
[2026/05/19 21:40:59] hftrainer INFO: [Rank 0] train(): entering before_run hooks
[2026/05/19 21:40:59] hftrainer INFO: [Rank 0] before_run -> LoggerHook
[2026/05/19 21:40:59] hftrainer INFO: [Rank 0] before_run done -> LoggerHook
[2026/05/19 21:40:59] hftrainer INFO: [Rank 0] before_run -> EMAHook
[2026/05/19 21:40:59] hftrainer ERROR: Training failed with exception:
Traceback (most recent call last):
  File "/apdcephfs/AILab_DHA/apdcephfs_cq11/share_1467498/home/zeyuling/hf_trainer/tools/train.py", line 87, in main
    runner.train()
  File "/apdcephfs/AILab_DHA/apdcephfs_cq11/share_1467498/home/zeyuling/hf_trainer/hftrainer/runner/accelerate_runner.py", line 1489, in train
    hook.before_run()
  File "/apdcephfs/AILab_DHA/apdcephfs_cq11/share_1467498/home/zeyuling/hf_trainer/hftrainer/hooks/ema_hook.py", line 33, in before_run
    self.ema_bundle = copy.deepcopy(bundle)
  File "/usr/lib64/python3.9/copy.py", line 172, in deepcopy
    y = _reconstruct(x, memo, *rv)
  File "/usr/lib64/python3.9/copy.py", line 270, in _reconstruct
    state = deepcopy(state, memo)
  File "/usr/lib64/python3.9/copy.py", line 146, in deepcopy
    y = copier(x, memo)
  File "/usr/lib64/python3.9/copy.py", line 230, in _deepcopy_dict
    y[deepcopy(key, memo)] = deepcopy(value, memo)
  File "/usr/lib64/python3.9/copy.py", line 146, in deepcopy
    y = copier(x, memo)
  File "/usr/lib64/python3.9/copy.py", line 230, in _deepcopy_dict
    y[deepcopy(key, memo)] = deepcopy(value, memo)
  File "/usr/lib64/python3.9/copy.py", line 172, in deepcopy
    y = _reconstruct(x, memo, *rv)
  File "/usr/lib64/python3.9/copy.py", line 270, in _reconstruct
    state = deepcopy(state, memo)
  File "/usr/lib64/python3.9/copy.py", line 146, in deepcopy
    y = copier(x, memo)
  File "/usr/lib64/python3.9/copy.py", line 230, in _deepcopy_dict
    y[deepcopy(key, memo)] = deepcopy(value, memo)
  File "/usr/lib64/python3.9/copy.py", line 146, in deepcopy
    y = copier(x, memo)
  File "/usr/lib64/python3.9/copy.py", line 230, in _deepcopy_dict
    y[deepcopy(key, memo)] = deepcopy(value, memo)
  File "/usr/lib64/python3.9/copy.py", line 172, in deepcopy
    y = _reconstruct(x, memo, *rv)
  File "/usr/lib64/python3.9/copy.py", line 270, in _reconstruct
    state = deepcopy(state, memo)
  File "/usr/lib64/python3.9/copy.py", line 146, in deepcopy
    y = copier(x, memo)
  File "/usr/lib64/python3.9/copy.py", line 230, in _deepcopy_dict
    y[deepcopy(key, memo)] = deepcopy(value, memo)
  File "/usr/lib64/python3.9/copy.py", line 146, in deepcopy
    y = copier(x, memo)
  File "/usr/lib64/python3.9/copy.py", line 230, in _deepcopy_dict
    y[deepcopy(key, memo)] = deepcopy(value, memo)
  File "/usr/lib64/python3.9/copy.py", line 172, in deepcopy
    y = _reconstruct(x, memo, *rv)
  File "/usr/lib64/python3.9/copy.py", line 270, in _reconstruct
    state = deepcopy(state, memo)
  File "/usr/lib64/python3.9/copy.py", line 146, in deepcopy
    y = copier(x, memo)
  File "/usr/lib64/python3.9/copy.py", line 230, in _deepcopy_dict
    y[deepcopy(key, memo)] = deepcopy(value, memo)
  File "/usr/lib64/python3.9/copy.py", line 146, in deepcopy
    y = copier(x, memo)
  File "/usr/lib64/python3.9/copy.py", line 230, in _deepcopy_dict
    y[deepcopy(key, memo)] = deepcopy(value, memo)
  File "/usr/lib64/python3.9/copy.py", line 172, in deepcopy
    y = _reconstruct(x, memo, *rv)
  File "/usr/lib64/python3.9/copy.py", line 270, in _reconstruct
    state = deepcopy(state, memo)
  File "/usr/lib64/python3.9/copy.py", line 146, in deepcopy
    y = copier(x, memo)
  File "/usr/lib64/python3.9/copy.py", line 230, in _deepcopy_dict
    y[deepcopy(key, memo)] = deepcopy(value, memo)
  File "/usr/lib64/python3.9/copy.py", line 146, in deepcopy
    y = copier(x, memo)
  File "/usr/lib64/python3.9/copy.py", line 230, in _deepcopy_dict
    y[deepcopy(key, memo)] = deepcopy(value, memo)
  File "/usr/lib64/python3.9/copy.py", line 172, in deepcopy
    y = _reconstruct(x, memo, *rv)
  File "/usr/lib64/python3.9/copy.py", line 270, in _reconstruct
    state = deepcopy(state, memo)
  File "/usr/lib64/python3.9/copy.py", line 146, in deepcopy
    y = copier(x, memo)
  File "/usr/lib64/python3.9/copy.py", line 230, in _deepcopy_dict
    y[deepcopy(key, memo)] = deepcopy(value, memo)
  File "/usr/lib64/python3.9/copy.py", line 146, in deepcopy
    y = copier(x, memo)
  File "/usr/lib64/python3.9/copy.py", line 230, in _deepcopy_dict
    y[deepcopy(key, memo)] = deepcopy(value, memo)
  File "/usr/lib64/python3.9/copy.py", line 153, in deepcopy
    y = copier(memo)
  File "/usr/local/lib64/python3.9/site-packages/torch/nn/parameter.py", line 68, in __deepcopy__
    self.data.clone(memory_format=torch.preserve_format), self.requires_grad
torch.OutOfMemoryError: CUDA out of memory. Tried to allocate 16.00 MiB. GPU 0 has a total capacity of 14.58 GiB of which 11.62 MiB is free. Process 2670470 has 12.53 GiB memory in use. Process 2698291 has 2.04 GiB memory in use. Of the allocated memory 1.94 GiB is allocated by PyTorch, and 6.02 MiB is reserved by PyTorch but unallocated. If reserved but unallocated memory is large try setting PYTORCH_CUDA_ALLOC_CONF=expandable_segments:True to avoid fragmentation.  See documentation for Memory Management  (https://pytorch.org/docs/stable/notes/cuda.html#environment-variables)
Traceback (most recent call last):
  File "/apdcephfs/AILab_DHA/apdcephfs_cq11/share_1467498/home/zeyuling/hf_trainer/tools/train.py", line 112, in <module>
    main()
  File "/apdcephfs/AILab_DHA/apdcephfs_cq11/share_1467498/home/zeyuling/hf_trainer/tools/train.py", line 87, in main
    runner.train()
  File "/apdcephfs/AILab_DHA/apdcephfs_cq11/share_1467498/home/zeyuling/hf_trainer/hftrainer/runner/accelerate_runner.py", line 1489, in train
    hook.before_run()
  File "/apdcephfs/AILab_DHA/apdcephfs_cq11/share_1467498/home/zeyuling/hf_trainer/hftrainer/hooks/ema_hook.py", line 33, in before_run
    self.ema_bundle = copy.deepcopy(bundle)
  File "/usr/lib64/python3.9/copy.py", line 172, in deepcopy
    y = _reconstruct(x, memo, *rv)
  File "/usr/lib64/python3.9/copy.py", line 270, in _reconstruct
    state = deepcopy(state, memo)
  File "/usr/lib64/python3.9/copy.py", line 146, in deepcopy
    y = copier(x, memo)
  File "/usr/lib64/python3.9/copy.py", line 230, in _deepcopy_dict
    y[deepcopy(key, memo)] = deepcopy(value, memo)
  File "/usr/lib64/python3.9/copy.py", line 146, in deepcopy
    y = copier(x, memo)
  File "/usr/lib64/python3.9/copy.py", line 230, in _deepcopy_dict
    y[deepcopy(key, memo)] = deepcopy(value, memo)
  File "/usr/lib64/python3.9/copy.py", line 172, in deepcopy
    y = _reconstruct(x, memo, *rv)
  File "/usr/lib64/python3.9/copy.py", line 270, in _reconstruct
    state = deepcopy(state, memo)
  File "/usr/lib64/python3.9/copy.py", line 146, in deepcopy
    y = copier(x, memo)
  File "/usr/lib64/python3.9/copy.py", line 230, in _deepcopy_dict
    y[deepcopy(key, memo)] = deepcopy(value, memo)
  File "/usr/lib64/python3.9/copy.py", line 146, in deepcopy
    y = copier(x, memo)
  File "/usr/lib64/python3.9/copy.py", line 230, in _deepcopy_dict
    y[deepcopy(key, memo)] = deepcopy(value, memo)
  File "/usr/lib64/python3.9/copy.py", line 172, in deepcopy
    y = _reconstruct(x, memo, *rv)
  File "/usr/lib64/python3.9/copy.py", line 270, in _reconstruct
    state = deepcopy(state, memo)
  File "/usr/lib64/python3.9/copy.py", line 146, in deepcopy
    y = copier(x, memo)
  File "/usr/lib64/python3.9/copy.py", line 230, in _deepcopy_dict
    y[deepcopy(key, memo)] = deepcopy(value, memo)
  File "/usr/lib64/python3.9/copy.py", line 146, in deepcopy
    y = copier(x, memo)
  File "/usr/lib64/python3.9/copy.py", line 230, in _deepcopy_dict
    y[deepcopy(key, memo)] = deepcopy(value, memo)
  File "/usr/lib64/python3.9/copy.py", line 172, in deepcopy
    y = _reconstruct(x, memo, *rv)
  File "/usr/lib64/python3.9/copy.py", line 270, in _reconstruct
    state = deepcopy(state, memo)
  File "/usr/lib64/python3.9/copy.py", line 146, in deepcopy
    y = copier(x, memo)
  File "/usr/lib64/python3.9/copy.py", line 230, in _deepcopy_dict
    y[deepcopy(key, memo)] = deepcopy(value, memo)
  File "/usr/lib64/python3.9/copy.py", line 146, in deepcopy
    y = copier(x, memo)
  File "/usr/lib64/python3.9/copy.py", line 230, in _deepcopy_dict
    y[deepcopy(key, memo)] = deepcopy(value, memo)
  File "/usr/lib64/python3.9/copy.py", line 172, in deepcopy
    y = _reconstruct(x, memo, *rv)
  File "/usr/lib64/python3.9/copy.py", line 270, in _reconstruct
    state = deepcopy(state, memo)
  File "/usr/lib64/python3.9/copy.py", line 146, in deepcopy
    y = copier(x, memo)
  File "/usr/lib64/python3.9/copy.py", line 230, in _deepcopy_dict
    y[deepcopy(key, memo)] = deepcopy(value, memo)
  File "/usr/lib64/python3.9/copy.py", line 146, in deepcopy
    y = copier(x, memo)
  File "/usr/lib64/python3.9/copy.py", line 230, in _deepcopy_dict
    y[deepcopy(key, memo)] = deepcopy(value, memo)
  File "/usr/lib64/python3.9/copy.py", line 172, in deepcopy
    y = _reconstruct(x, memo, *rv)
  File "/usr/lib64/python3.9/copy.py", line 270, in _reconstruct
    state = deepcopy(state, memo)
  File "/usr/lib64/python3.9/copy.py", line 146, in deepcopy
    y = copier(x, memo)
  File "/usr/lib64/python3.9/copy.py", line 230, in _deepcopy_dict
    y[deepcopy(key, memo)] = deepcopy(value, memo)
  File "/usr/lib64/python3.9/copy.py", line 146, in deepcopy
    y = copier(x, memo)
  File "/usr/lib64/python3.9/copy.py", line 230, in _deepcopy_dict
    y[deepcopy(key, memo)] = deepcopy(value, memo)
  File "/usr/lib64/python3.9/copy.py", line 153, in deepcopy
    y = copier(memo)
  File "/usr/local/lib64/python3.9/site-packages/torch/nn/parameter.py", line 68, in __deepcopy__
    self.data.clone(memory_format=torch.preserve_format), self.requires_grad
torch.OutOfMemoryError: CUDA out of memory. Tried to allocate 16.00 MiB. GPU 0 has a total capacity of 14.58 GiB of which 11.62 MiB is free. Process 2670470 has 12.53 GiB memory in use. Process 2698291 has 2.04 GiB memory in use. Of the allocated memory 1.94 GiB is allocated by PyTorch, and 6.02 MiB is reserved by PyTorch but unallocated. If reserved but unallocated memory is large try setting PYTORCH_CUDA_ALLOC_CONF=expandable_segments:True to avoid fragmentation.  See documentation for Memory Management  (https://pytorch.org/docs/stable/notes/cuda.html#environment-variables)
